// Jest Snapshot v1, https://goo.gl/fbAQLP

exports[`05-factory makePerson should macth to snapshot 1`] = `[Function]`;
